------------------------------------------------------------
Timing Analyzer Summary
------------------------------------------------------------

Type  : Slow 1200mV 85C Model Setup 'lab11step3:inst|inst1'
Slack : -2.513
TNS   : -7.222

Type  : Slow 1200mV 85C Model Setup 'lab11step2:inst1|clock_generator:inst4|clock_divider_1024:inst|inst10'
Slack : -2.329
TNS   : -6.773

Type  : Slow 1200mV 85C Model Setup '50MHz_Clock'
Slack : -2.318
TNS   : -6.847

Type  : Slow 1200mV 85C Model Setup 'lab11step3:inst|clock_divider_1024:inst|inst10'
Slack : -2.313
TNS   : -7.047

Type  : Slow 1200mV 85C Model Setup 'lab11step2:inst2|clock_generator:inst4|clock_divider_1024:inst|inst10'
Slack : -2.252
TNS   : -7.420

Type  : Slow 1200mV 85C Model Setup 'lab11step2:inst1|clock_generator:inst4|clock_divider_1024:inst8|inst10'
Slack : -2.033
TNS   : -2.944

Type  : Slow 1200mV 85C Model Setup 'Manual_Clock'
Slack : -1.977
TNS   : -5.925

Type  : Slow 1200mV 85C Model Setup 'lab11step2:inst2|clock_generator:inst4|clock_divider_1024:inst8|inst10'
Slack : -1.901
TNS   : -2.989

Type  : Slow 1200mV 85C Model Setup 'lab11step3:inst|clock_divider_1024:cece|inst10'
Slack : -1.019
TNS   : -1.019

Type  : Slow 1200mV 85C Model Setup 'lab11step2:inst2|clock_generator:inst4|inst5'
Slack : -0.321
TNS   : -0.321

Type  : Slow 1200mV 85C Model Setup 'lab11step2:inst1|clock_generator:inst4|inst5'
Slack : -0.312
TNS   : -0.312

Type  : Slow 1200mV 85C Model Hold '50MHz_Clock'
Slack : 0.401
TNS   : 0.000

Type  : Slow 1200mV 85C Model Hold 'lab11step2:inst1|clock_generator:inst4|clock_divider_1024:inst8|inst10'
Slack : 0.402
TNS   : 0.000

Type  : Slow 1200mV 85C Model Hold 'lab11step2:inst1|clock_generator:inst4|clock_divider_1024:inst|inst10'
Slack : 0.402
TNS   : 0.000

Type  : Slow 1200mV 85C Model Hold 'lab11step2:inst2|clock_generator:inst4|clock_divider_1024:inst|inst10'
Slack : 0.402
TNS   : 0.000

Type  : Slow 1200mV 85C Model Hold 'lab11step3:inst|clock_divider_1024:inst|inst10'
Slack : 0.402
TNS   : 0.000

Type  : Slow 1200mV 85C Model Hold 'lab11step3:inst|inst1'
Slack : 0.402
TNS   : 0.000

Type  : Slow 1200mV 85C Model Hold 'lab11step2:inst1|clock_generator:inst4|inst5'
Slack : 0.403
TNS   : 0.000

Type  : Slow 1200mV 85C Model Hold 'lab11step2:inst2|clock_generator:inst4|clock_divider_1024:inst8|inst10'
Slack : 0.403
TNS   : 0.000

Type  : Slow 1200mV 85C Model Hold 'lab11step2:inst2|clock_generator:inst4|inst5'
Slack : 0.403
TNS   : 0.000

Type  : Slow 1200mV 85C Model Hold 'Manual_Clock'
Slack : 0.440
TNS   : 0.000

Type  : Slow 1200mV 85C Model Hold 'lab11step3:inst|clock_divider_1024:cece|inst10'
Slack : 1.152
TNS   : 0.000

Type  : Slow 1200mV 85C Model Minimum Pulse Width '50MHz_Clock'
Slack : -3.000
TNS   : -15.850

Type  : Slow 1200mV 85C Model Minimum Pulse Width 'Manual_Clock'
Slack : -3.000
TNS   : -15.850

Type  : Slow 1200mV 85C Model Minimum Pulse Width 'lab11step2:inst1|clock_generator:inst4|clock_divider_1024:inst|inst10'
Slack : -1.285
TNS   : -12.850

Type  : Slow 1200mV 85C Model Minimum Pulse Width 'lab11step2:inst2|clock_generator:inst4|clock_divider_1024:inst|inst10'
Slack : -1.285
TNS   : -12.850

Type  : Slow 1200mV 85C Model Minimum Pulse Width 'lab11step3:inst|clock_divider_1024:inst|inst10'
Slack : -1.285
TNS   : -12.850

Type  : Slow 1200mV 85C Model Minimum Pulse Width 'lab11step3:inst|inst1'
Slack : -1.285
TNS   : -12.850

Type  : Slow 1200mV 85C Model Minimum Pulse Width 'lab11step2:inst1|clock_generator:inst4|clock_divider_1024:inst8|inst10'
Slack : -1.285
TNS   : -6.425

Type  : Slow 1200mV 85C Model Minimum Pulse Width 'lab11step2:inst2|clock_generator:inst4|clock_divider_1024:inst8|inst10'
Slack : -1.285
TNS   : -6.425

Type  : Slow 1200mV 85C Model Minimum Pulse Width 'lab11step2:inst1|clock_generator:inst4|inst5'
Slack : -1.285
TNS   : -3.855

Type  : Slow 1200mV 85C Model Minimum Pulse Width 'lab11step2:inst2|clock_generator:inst4|inst5'
Slack : -1.285
TNS   : -3.855

Type  : Slow 1200mV 85C Model Minimum Pulse Width 'lab11step3:inst|clock_divider_1024:cece|inst10'
Slack : -1.285
TNS   : -1.285

Type  : Slow 1200mV 0C Model Setup 'lab11step3:inst|inst1'
Slack : -2.212
TNS   : -5.638

Type  : Slow 1200mV 0C Model Setup '50MHz_Clock'
Slack : -2.047
TNS   : -5.367

Type  : Slow 1200mV 0C Model Setup 'lab11step2:inst1|clock_generator:inst4|clock_divider_1024:inst|inst10'
Slack : -2.039
TNS   : -5.307

Type  : Slow 1200mV 0C Model Setup 'lab11step3:inst|clock_divider_1024:inst|inst10'
Slack : -2.038
TNS   : -5.553

Type  : Slow 1200mV 0C Model Setup 'lab11step2:inst2|clock_generator:inst4|clock_divider_1024:inst|inst10'
Slack : -1.971
TNS   : -5.823

Type  : Slow 1200mV 0C Model Setup 'lab11step2:inst1|clock_generator:inst4|clock_divider_1024:inst8|inst10'
Slack : -1.772
TNS   : -2.360

Type  : Slow 1200mV 0C Model Setup 'Manual_Clock'
Slack : -1.721
TNS   : -4.534

Type  : Slow 1200mV 0C Model Setup 'lab11step2:inst2|clock_generator:inst4|clock_divider_1024:inst8|inst10'
Slack : -1.659
TNS   : -2.323

Type  : Slow 1200mV 0C Model Setup 'lab11step3:inst|clock_divider_1024:cece|inst10'
Slack : -0.867
TNS   : -0.867

Type  : Slow 1200mV 0C Model Setup 'lab11step2:inst2|clock_generator:inst4|inst5'
Slack : -0.181
TNS   : -0.181

Type  : Slow 1200mV 0C Model Setup 'lab11step2:inst1|clock_generator:inst4|inst5'
Slack : -0.175
TNS   : -0.175

Type  : Slow 1200mV 0C Model Hold '50MHz_Clock'
Slack : 0.352
TNS   : 0.000

Type  : Slow 1200mV 0C Model Hold 'lab11step2:inst1|clock_generator:inst4|clock_divider_1024:inst|inst10'
Slack : 0.353
TNS   : 0.000

Type  : Slow 1200mV 0C Model Hold 'lab11step2:inst2|clock_generator:inst4|clock_divider_1024:inst8|inst10'
Slack : 0.353
TNS   : 0.000

Type  : Slow 1200mV 0C Model Hold 'lab11step3:inst|clock_divider_1024:inst|inst10'
Slack : 0.353
TNS   : 0.000

Type  : Slow 1200mV 0C Model Hold 'lab11step2:inst1|clock_generator:inst4|clock_divider_1024:inst8|inst10'
Slack : 0.354
TNS   : 0.000

Type  : Slow 1200mV 0C Model Hold 'lab11step2:inst1|clock_generator:inst4|inst5'
Slack : 0.354
TNS   : 0.000

Type  : Slow 1200mV 0C Model Hold 'lab11step2:inst2|clock_generator:inst4|clock_divider_1024:inst|inst10'
Slack : 0.354
TNS   : 0.000

Type  : Slow 1200mV 0C Model Hold 'lab11step2:inst2|clock_generator:inst4|inst5'
Slack : 0.354
TNS   : 0.000

Type  : Slow 1200mV 0C Model Hold 'lab11step3:inst|inst1'
Slack : 0.354
TNS   : 0.000

Type  : Slow 1200mV 0C Model Hold 'Manual_Clock'
Slack : 0.387
TNS   : 0.000

Type  : Slow 1200mV 0C Model Hold 'lab11step3:inst|clock_divider_1024:cece|inst10'
Slack : 1.122
TNS   : 0.000

Type  : Slow 1200mV 0C Model Minimum Pulse Width '50MHz_Clock'
Slack : -3.000
TNS   : -15.850

Type  : Slow 1200mV 0C Model Minimum Pulse Width 'Manual_Clock'
Slack : -3.000
TNS   : -15.850

Type  : Slow 1200mV 0C Model Minimum Pulse Width 'lab11step2:inst1|clock_generator:inst4|clock_divider_1024:inst|inst10'
Slack : -1.285
TNS   : -12.850

Type  : Slow 1200mV 0C Model Minimum Pulse Width 'lab11step2:inst2|clock_generator:inst4|clock_divider_1024:inst|inst10'
Slack : -1.285
TNS   : -12.850

Type  : Slow 1200mV 0C Model Minimum Pulse Width 'lab11step3:inst|clock_divider_1024:inst|inst10'
Slack : -1.285
TNS   : -12.850

Type  : Slow 1200mV 0C Model Minimum Pulse Width 'lab11step3:inst|inst1'
Slack : -1.285
TNS   : -12.850

Type  : Slow 1200mV 0C Model Minimum Pulse Width 'lab11step2:inst1|clock_generator:inst4|clock_divider_1024:inst8|inst10'
Slack : -1.285
TNS   : -6.425

Type  : Slow 1200mV 0C Model Minimum Pulse Width 'lab11step2:inst2|clock_generator:inst4|clock_divider_1024:inst8|inst10'
Slack : -1.285
TNS   : -6.425

Type  : Slow 1200mV 0C Model Minimum Pulse Width 'lab11step2:inst1|clock_generator:inst4|inst5'
Slack : -1.285
TNS   : -3.855

Type  : Slow 1200mV 0C Model Minimum Pulse Width 'lab11step2:inst2|clock_generator:inst4|inst5'
Slack : -1.285
TNS   : -3.855

Type  : Slow 1200mV 0C Model Minimum Pulse Width 'lab11step3:inst|clock_divider_1024:cece|inst10'
Slack : -1.285
TNS   : -1.285

Type  : Fast 1200mV 0C Model Setup 'lab11step3:inst|inst1'
Slack : -0.742
TNS   : -0.767

Type  : Fast 1200mV 0C Model Setup 'lab11step2:inst1|clock_generator:inst4|clock_divider_1024:inst|inst10'
Slack : -0.650
TNS   : -0.650

Type  : Fast 1200mV 0C Model Setup 'lab11step2:inst2|clock_generator:inst4|clock_divider_1024:inst|inst10'
Slack : -0.614
TNS   : -0.614

Type  : Fast 1200mV 0C Model Setup 'lab11step3:inst|clock_divider_1024:inst|inst10'
Slack : -0.614
TNS   : -0.614

Type  : Fast 1200mV 0C Model Setup '50MHz_Clock'
Slack : -0.612
TNS   : -0.612

Type  : Fast 1200mV 0C Model Setup 'lab11step3:inst|clock_divider_1024:cece|inst10'
Slack : -0.599
TNS   : -0.599

Type  : Fast 1200mV 0C Model Setup 'lab11step2:inst1|clock_generator:inst4|clock_divider_1024:inst8|inst10'
Slack : -0.504
TNS   : -0.504

Type  : Fast 1200mV 0C Model Setup 'Manual_Clock'
Slack : -0.442
TNS   : -0.442

Type  : Fast 1200mV 0C Model Setup 'lab11step2:inst2|clock_generator:inst4|clock_divider_1024:inst8|inst10'
Slack : -0.430
TNS   : -0.430

Type  : Fast 1200mV 0C Model Setup 'lab11step2:inst2|clock_generator:inst4|inst5'
Slack : 0.346
TNS   : 0.000

Type  : Fast 1200mV 0C Model Setup 'lab11step2:inst1|clock_generator:inst4|inst5'
Slack : 0.356
TNS   : 0.000

Type  : Fast 1200mV 0C Model Hold '50MHz_Clock'
Slack : 0.180
TNS   : 0.000

Type  : Fast 1200mV 0C Model Hold 'lab11step2:inst1|clock_generator:inst4|clock_divider_1024:inst8|inst10'
Slack : 0.181
TNS   : 0.000

Type  : Fast 1200mV 0C Model Hold 'lab11step2:inst1|clock_generator:inst4|clock_divider_1024:inst|inst10'
Slack : 0.181
TNS   : 0.000

Type  : Fast 1200mV 0C Model Hold 'lab11step2:inst1|clock_generator:inst4|inst5'
Slack : 0.181
TNS   : 0.000

Type  : Fast 1200mV 0C Model Hold 'lab11step2:inst2|clock_generator:inst4|clock_divider_1024:inst8|inst10'
Slack : 0.181
TNS   : 0.000

Type  : Fast 1200mV 0C Model Hold 'lab11step2:inst2|clock_generator:inst4|clock_divider_1024:inst|inst10'
Slack : 0.181
TNS   : 0.000

Type  : Fast 1200mV 0C Model Hold 'lab11step2:inst2|clock_generator:inst4|inst5'
Slack : 0.181
TNS   : 0.000

Type  : Fast 1200mV 0C Model Hold 'lab11step3:inst|clock_divider_1024:inst|inst10'
Slack : 0.181
TNS   : 0.000

Type  : Fast 1200mV 0C Model Hold 'lab11step3:inst|inst1'
Slack : 0.181
TNS   : 0.000

Type  : Fast 1200mV 0C Model Hold 'Manual_Clock'
Slack : 0.201
TNS   : 0.000

Type  : Fast 1200mV 0C Model Hold 'lab11step3:inst|clock_divider_1024:cece|inst10'
Slack : 0.472
TNS   : 0.000

Type  : Fast 1200mV 0C Model Minimum Pulse Width 'Manual_Clock'
Slack : -3.000
TNS   : -14.100

Type  : Fast 1200mV 0C Model Minimum Pulse Width '50MHz_Clock'
Slack : -3.000
TNS   : -13.600

Type  : Fast 1200mV 0C Model Minimum Pulse Width 'lab11step2:inst1|clock_generator:inst4|clock_divider_1024:inst|inst10'
Slack : -1.000
TNS   : -10.000

Type  : Fast 1200mV 0C Model Minimum Pulse Width 'lab11step2:inst2|clock_generator:inst4|clock_divider_1024:inst|inst10'
Slack : -1.000
TNS   : -10.000

Type  : Fast 1200mV 0C Model Minimum Pulse Width 'lab11step3:inst|clock_divider_1024:inst|inst10'
Slack : -1.000
TNS   : -10.000

Type  : Fast 1200mV 0C Model Minimum Pulse Width 'lab11step3:inst|inst1'
Slack : -1.000
TNS   : -10.000

Type  : Fast 1200mV 0C Model Minimum Pulse Width 'lab11step2:inst1|clock_generator:inst4|clock_divider_1024:inst8|inst10'
Slack : -1.000
TNS   : -5.000

Type  : Fast 1200mV 0C Model Minimum Pulse Width 'lab11step2:inst2|clock_generator:inst4|clock_divider_1024:inst8|inst10'
Slack : -1.000
TNS   : -5.000

Type  : Fast 1200mV 0C Model Minimum Pulse Width 'lab11step2:inst1|clock_generator:inst4|inst5'
Slack : -1.000
TNS   : -3.000

Type  : Fast 1200mV 0C Model Minimum Pulse Width 'lab11step2:inst2|clock_generator:inst4|inst5'
Slack : -1.000
TNS   : -3.000

Type  : Fast 1200mV 0C Model Minimum Pulse Width 'lab11step3:inst|clock_divider_1024:cece|inst10'
Slack : -1.000
TNS   : -1.000

------------------------------------------------------------
